CLOUDOS LINUX CONTAINMENT EVIDENCE: PASS
collectedAt=2026-08-24T23:24:08.878Z
failClosed=true
distribution=Ubuntu
display=:101
sessionName=cloudos-poc1-xpra-mt7v3q3n-ac515ea3
app=l3afpad
xpra: pid=538 ppid=537 uid=65534 gid=65534 command=xpra
xServer: pid=569 ppid=538 uid=65534 gid=65534 command=Xvfb
app: pid=606 ppid=604 uid=65534 gid=65534 command=l3afpad

ASSERTIONS
PASS xpra.unique-display-session expected=exactly one Xpra process matching display and session-name actual=[538]
PASS xpra.session-name-exact expected=cloudos-poc1-xpra-mt7v3q3n-ac515ea3 actual="cloudos-poc1-xpra-mt7v3q3n-ac515ea3"
PASS xpra.display-exact expected=:101 actual="/usr/bin/python3 /usr/bin/xpra seamless :101 --socket-dirs=/run/xpra --session-name=cloudos-poc1-xpra-mt7v3q3n-ac515ea3 --start-child=env -u WAYLAND_DISPLAY -u WAYLAND_SOCKET -u PULSE_SERVER -u WSLENV -u WSL_INTEROP -u DBUS_SESSION_BUS_ADDRESS -u XPRA_PASSWORD HOME='/var/lib/cloudos/contained-homes/65534-be88c707b93359aee4cbb3ce' USER=cloudos-app LOGNAME=cloudos-app SHELL=/bin/sh PATH='/usr/local/sbin:/usr/local/bin:/usr/sbin:/usr/bin:/sbin:/bin' LANG=C.UTF-8 XDG_RUNTIME_DIR=/run/user/65534 XDG_CONFIG_HOME='/var/lib/cloudos/contained-homes/65534-be88c707b93359aee4cbb3ce/.config' XDG_CACHE_HOME='/var/lib/cloudos/contained-homes/65534-be88c707b93359aee4cbb3ce/.cache' XDG_DATA_HOME='/var/lib/cloudos/contained-homes/65534-be88c707b93359aee4cbb3ce/.local/share' GDK_BACKEND=x11 QT_QPA_PLATFORM=xcb SDL_VIDEODRIVER=x11 CLUTTER_BACKEND=x11 XDG_SESSION_TYPE=x11 MOZ_ENABLE_WAYLAND=0 ELECTRON_OZONE_PLATFORM_HINT=x11 LIBGL_ALWAYS_SOFTWARE=1 MOZ_X11_EGL=0 NO_AT_BRIDGE=1 dbus-run-session -- l3afpad -"
PASS xpra.bind-noabstract expected=--bind=noabstract actual=true
PASS xpra.tcp-authenticated expected=declared TCP binding with auth=env actual={"host":"0.0.0.0","port":14501,"auth":"env"}
PASS xpra.tcp-listener-present expected=one listener for the correlated authenticated Xpra port actual=["LISTEN 0      5             0.0.0.0:14501      0.0.0.0:*    users:((\"xpra\",pid=538,fd=4))            "]
PASS process.app-descendant expected=app descends from PID 538 actual={"appPid":606,"appPpid":604}
PASS process.xserver-descendant expected=X server descends from PID 538 actual={"xServerPid":569,"xServerPpid":538}
PASS process.uid-nonroot-xpra expected=UID > 0 actual=65534
PASS process.uid-nonroot-xserver expected=UID > 0 actual=65534
PASS process.uid-nonroot-app expected=UID > 0 actual=65534
PASS process.same-mount-namespace expected=Xpra, X server and app share the isolated mount namespace actual={"app":"mnt:[4026532227]","xpra":"mnt:[4026532227]","xServer":"mnt:[4026532227]"}
PASS process.same-pid-namespace expected=Xpra, X server and app share the isolated PID namespace actual={"app":"pid:[4026532228]","xpra":"pid:[4026532228]","xServer":"pid:[4026532228]"}
PASS namespace.private-mount expected=at least one ancestor remains outside the session mount namespace actual={"pid":536,"command":"Relay(495)","mnt":"mnt:[4026532219]","pidNamespace":"pid:[4026532221]"}
PASS tree.no-wslg-process expected=no WSLg/RAIL process in the correlated tree actual=[]
PASS env.display expected=:101 actual=":101"
PASS env.gdk-x11 expected=x11 actual="x11"
PASS env.qt-xcb expected=xcb actual="xcb"
PASS env.forbidden-absent expected=absent: WAYLAND_*, PULSE_*, WSL_INTEROP, WSLENV, XPRA_PASSWORD actual=[]
PASS env.path-no-windows expected=PATH contains no Windows mount actual="/usr/local/sbin:/usr/local/bin:/usr/sbin:/usr/bin:/sbin:/bin"
PASS mount.tmp-private expected=/tmp is tmpfs actual={"mountId":492,"parentId":481,"majorMinor":"0:96","root":"/","mountPoint":"/tmp","mountOptions":["rw","nosuid","nodev","relatime"],"optionalFields":[],"filesystem":"tmpfs","source":"tmpfs","superOptions":["rw"]}
PASS mount.runtime-private expected=/run/user is tmpfs actual={"mountId":493,"parentId":416,"majorMinor":"0:97","root":"/","mountPoint":"/run/user","mountOptions":["rw","nosuid","nodev","noexec","relatime"],"optionalFields":[],"filesystem":"tmpfs","source":"tmpfs","superOptions":["rw","mode=755"]}
PASS mount.xpra-private expected=/run/xpra is tmpfs actual={"mountId":494,"parentId":412,"majorMinor":"0:98","root":"/","mountPoint":"/run/xpra","mountOptions":["rw","nosuid","nodev","noexec","relatime"],"optionalFields":[],"filesystem":"tmpfs","source":"tmpfs","superOptions":["rw","mode=700"]}
PASS mask.mnt-wslg expected=/mnt/wslg absent or an empty mode-000 mount actual={"probe":{"path":"/mnt/wslg","exists":true,"type":"directory","mode":"0","deviceInode":"96:3","empty":true,"executable":false},"mount":{"mountId":495,"parentId":424,"majorMinor":"0:96","root":"/cloudos-wslg-mask-a71ce25165a031c4","mountPoint":"/mnt/wslg","mountOptions":["rw","nosuid","nodev","relatime"],"optionalFields":[],"filesystem":"tmpfs","source":"tmpfs","superOptions":["rw"]}}
PASS mask.run-wsl expected=/run/WSL absent or an empty mode-000 mount actual={"probe":{"path":"/run/WSL","exists":true,"type":"directory","mode":"0","deviceInode":"96:3","empty":true,"executable":false},"mount":{"mountId":496,"parentId":412,"majorMinor":"0:96","root":"/cloudos-wslg-mask-a71ce25165a031c4","mountPoint":"/run/WSL","mountOptions":["rw","nosuid","nodev","relatime"],"optionalFields":[],"filesystem":"tmpfs","source":"tmpfs","superOptions":["rw"]}}
PASS mask.init-file expected=/init is a non-executable mode-000 regular empty file actual={"path":"/init","exists":true,"type":"regular empty file","mode":"0","deviceInode":"96:4","empty":false,"executable":false}
PASS mask.init-mount-flags expected=/init mount is ro,noexec,nosuid,nodev actual={"mountId":499,"parentId":283,"majorMinor":"0:96","root":"/cloudos-init-mask-a71ce25165a031c4","mountPoint":"/init","mountOptions":["ro","nosuid","nodev","noexec","relatime"],"optionalFields":[],"filesystem":"tmpfs","source":"tmpfs","superOptions":["rw"]}
PASS mask.wslg-x11-hidden expected=/tmp/.X11-unix/X0 is not visible actual=false
PASS mask.wslg-abstract-x11-absent expected=no abstract @/tmp/.X11-unix/X0 socket in the session network view actual=[]
PASS mask.wslg-wayland-hidden expected=/mnt/wslg/runtime-dir/wayland-0 is not visible actual=false
PASS xserver.display-socket expected=/tmp/.X11-unix/X101 is a socket actual=true
PASS xpra.private-socket expected=Xpra filesystem socket for :101 under private /run/xpra actual={"sockets":["/run/xpra/DESKTOP-65BUITP-101"],"matching":["/run/xpra/DESKTOP-65BUITP-101"]}
PASS interop.disabled expected=WSLInterop disabled or unregistered inside the session actual="unregistered"
